error: Parametrized element should be single, because Single has only one element
       Single : < T1, T2 > ;
 --> ../../../rust/test/dt/fundamental_data_type/dynamic/too_many_params.rs:4:1
  |
4 | / types!
5 | | {
6 | |   single Single : < T1, T2 >;
7 | | }
  | |_^
  |
  = note: this error originates in the macro `$crate::_single` (in Nightly builds, run with -Z macro-backtrace for more info)
