error: Expects at least two parameters here:
         HashMap < i32 >
  --> ../../../rust/test/former/all/hashmap_without_parameter.rs:14:24
   |
14 |   pub string_slice_1 : HashMap< i32 >,
   |                        ^^^^^^^^^^^^^^
